[2025-10-12 20:15:46] action=AUTH_ERROR user_id=NULL message=DB error during authenticate
[2025-10-12 20:16:02] action=AUTH_ERROR user_id=NULL message=DB error during authenticate
[2025-10-12 20:16:50] action=AUTH_ERROR user_id=NULL message=DB error during authenticate
[2025-10-12 20:17:42] action=AUTH_ERROR user_id=NULL message=DB error during authenticate
[2025-10-12 20:18:07] action=AUTH_ERROR user_id=NULL message=DB error during authenticate
[2025-10-12 20:18:35] action=LOGIN user_id=1 message=auth_event
[2025-10-12 20:21:03] action=LOGOUT user_id=1 message=auth_event
[2025-10-12 20:21:20] action=LOGIN user_id=1 message=auth_event
[2025-10-13 19:04:41] action=LOGIN user_id=1 message=auth_event
[2025-10-13 22:55:08] action=Failed to get notification statistics: SQLSTATE[42S02]: Base table or view not found: 1146 Table 'clinic_cms.notifications' doesn't exist user_id=ERROR message=
[2025-10-13 22:55:08] action=Failed to get notifications: SQLSTATE[42000]: Syntax error or access violation: 1064 You have an error in your SQL syntax; check the manual that corresponds to your MySQL server version for the right syntax to use near ''50' OFFSET '0'' at line 12 user_id=ERROR message=
[2025-10-13 22:55:14] action=Failed to get notifications: SQLSTATE[42000]: Syntax error or access violation: 1064 You have an error in your SQL syntax; check the manual that corresponds to your MySQL server version for the right syntax to use near ''50' OFFSET '0'' at line 12 user_id=ERROR message=
[2025-10-13 22:55:15] action=Failed to get notifications: SQLSTATE[42000]: Syntax error or access violation: 1064 You have an error in your SQL syntax; check the manual that corresponds to your MySQL server version for the right syntax to use near ''50' OFFSET '0'' at line 12 user_id=ERROR message=
[2025-10-13 22:55:16] action=Failed to get templates: SQLSTATE[42S02]: Base table or view not found: 1146 Table 'clinic_cms.notification_templates' doesn't exist user_id=ERROR message=
[2025-10-14 07:16:13] action=login user_id=NULL message=Failed to update last_login
[2025-10-14 07:16:13] action=LOGIN user_id=1 message=auth_event
[2025-10-14 08:17:11] action=login user_id=NULL message=Failed to update last_login
[2025-10-14 08:17:11] action=LOGIN user_id=2 message=auth_event
[2025-10-14 08:35:54] action=login user_id=NULL message=Failed to update last_login
[2025-10-14 08:35:54] action=LOGIN user_id=2 message=auth_event
[2025-10-14 11:24:46] action=Failed to get notifications: SQLSTATE[42000]: Syntax error or access violation: 1064 You have an error in your SQL syntax; check the manual that corresponds to your MySQL server version for the right syntax to use near ''50' OFFSET '0'' at line 12 user_id=ERROR message=
[2025-10-14 11:24:54] action=Failed to get notifications: SQLSTATE[42000]: Syntax error or access violation: 1064 You have an error in your SQL syntax; check the manual that corresponds to your MySQL server version for the right syntax to use near ''50' OFFSET '0'' at line 12 user_id=ERROR message=
[2025-10-14 11:24:54] action=Failed to get notifications: SQLSTATE[42000]: Syntax error or access violation: 1064 You have an error in your SQL syntax; check the manual that corresponds to your MySQL server version for the right syntax to use near ''50' OFFSET '0'' at line 12 user_id=ERROR message=
[2025-10-14 11:25:32] action=login user_id=NULL message=Failed to update last_login
[2025-10-14 11:25:32] action=LOGIN user_id=1 message=auth_event
[2025-10-14 11:39:44] action=Failed to get notifications: SQLSTATE[42000]: Syntax error or access violation: 1064 You have an error in your SQL syntax; check the manual that corresponds to your MySQL server version for the right syntax to use near ''50' OFFSET '0'' at line 12 user_id=ERROR message=
[2025-10-14 11:40:14] action=Failed to get notifications: SQLSTATE[42000]: Syntax error or access violation: 1064 You have an error in your SQL syntax; check the manual that corresponds to your MySQL server version for the right syntax to use near ''50' OFFSET '0'' at line 12 user_id=ERROR message=
[2025-10-14 11:40:36] action=Failed to get notifications: SQLSTATE[42000]: Syntax error or access violation: 1064 You have an error in your SQL syntax; check the manual that corresponds to your MySQL server version for the right syntax to use near ''50' OFFSET '0'' at line 12 user_id=ERROR message=
[2025-10-14 11:40:52] action=Failed to get notifications: SQLSTATE[42000]: Syntax error or access violation: 1064 You have an error in your SQL syntax; check the manual that corresponds to your MySQL server version for the right syntax to use near ''50' OFFSET '0'' at line 12 user_id=ERROR message=
[2025-10-14 11:41:22] action=Failed to get notifications: SQLSTATE[42000]: Syntax error or access violation: 1064 You have an error in your SQL syntax; check the manual that corresponds to your MySQL server version for the right syntax to use near ''50' OFFSET '0'' at line 12 user_id=ERROR message=
[2025-10-14 11:41:52] action=Failed to get notifications: SQLSTATE[42000]: Syntax error or access violation: 1064 You have an error in your SQL syntax; check the manual that corresponds to your MySQL server version for the right syntax to use near ''50' OFFSET '0'' at line 12 user_id=ERROR message=
[2025-10-14 11:42:22] action=Failed to get notifications: SQLSTATE[42000]: Syntax error or access violation: 1064 You have an error in your SQL syntax; check the manual that corresponds to your MySQL server version for the right syntax to use near ''50' OFFSET '0'' at line 12 user_id=ERROR message=
[2025-10-14 11:42:52] action=Failed to get notifications: SQLSTATE[42000]: Syntax error or access violation: 1064 You have an error in your SQL syntax; check the manual that corresponds to your MySQL server version for the right syntax to use near ''50' OFFSET '0'' at line 12 user_id=ERROR message=
[2025-10-14 11:43:22] action=Failed to get notifications: SQLSTATE[42000]: Syntax error or access violation: 1064 You have an error in your SQL syntax; check the manual that corresponds to your MySQL server version for the right syntax to use near ''50' OFFSET '0'' at line 12 user_id=ERROR message=
[2025-10-14 11:43:23] action=Failed to get notifications: SQLSTATE[42000]: Syntax error or access violation: 1064 You have an error in your SQL syntax; check the manual that corresponds to your MySQL server version for the right syntax to use near ''50' OFFSET '0'' at line 12 user_id=ERROR message=
[2025-10-14 11:43:30] action=Failed to get notifications: SQLSTATE[42000]: Syntax error or access violation: 1064 You have an error in your SQL syntax; check the manual that corresponds to your MySQL server version for the right syntax to use near ''50' OFFSET '0'' at line 12 user_id=ERROR message=
[2025-10-14 11:44:54] action=Failed to get notifications: SQLSTATE[42000]: Syntax error or access violation: 1064 You have an error in your SQL syntax; check the manual that corresponds to your MySQL server version for the right syntax to use near ''50' OFFSET '0'' at line 12 user_id=ERROR message=
[2025-10-14 11:45:24] action=Failed to get notifications: SQLSTATE[42000]: Syntax error or access violation: 1064 You have an error in your SQL syntax; check the manual that corresponds to your MySQL server version for the right syntax to use near ''50' OFFSET '0'' at line 12 user_id=ERROR message=
[2025-10-14 11:45:54] action=Failed to get notifications: SQLSTATE[42000]: Syntax error or access violation: 1064 You have an error in your SQL syntax; check the manual that corresponds to your MySQL server version for the right syntax to use near ''50' OFFSET '0'' at line 12 user_id=ERROR message=
[2025-10-14 11:46:25] action=Failed to get notifications: SQLSTATE[42000]: Syntax error or access violation: 1064 You have an error in your SQL syntax; check the manual that corresponds to your MySQL server version for the right syntax to use near ''50' OFFSET '0'' at line 12 user_id=ERROR message=
[2025-10-14 11:46:39] action=Failed to get notifications: SQLSTATE[42000]: Syntax error or access violation: 1064 You have an error in your SQL syntax; check the manual that corresponds to your MySQL server version for the right syntax to use near ''50' OFFSET '0'' at line 12 user_id=ERROR message=
[2025-10-14 11:47:10] action=Failed to get notifications: SQLSTATE[42000]: Syntax error or access violation: 1064 You have an error in your SQL syntax; check the manual that corresponds to your MySQL server version for the right syntax to use near ''50' OFFSET '0'' at line 12 user_id=ERROR message=
[2025-10-14 11:47:40] action=Failed to get notifications: SQLSTATE[42000]: Syntax error or access violation: 1064 You have an error in your SQL syntax; check the manual that corresponds to your MySQL server version for the right syntax to use near ''50' OFFSET '0'' at line 12 user_id=ERROR message=
[2025-10-14 11:48:09] action=Failed to get notifications: SQLSTATE[42000]: Syntax error or access violation: 1064 You have an error in your SQL syntax; check the manual that corresponds to your MySQL server version for the right syntax to use near ''50' OFFSET '0'' at line 12 user_id=ERROR message=
[2025-10-14 11:48:40] action=Failed to get notifications: SQLSTATE[42000]: Syntax error or access violation: 1064 You have an error in your SQL syntax; check the manual that corresponds to your MySQL server version for the right syntax to use near ''50' OFFSET '0'' at line 12 user_id=ERROR message=
[2025-10-14 11:49:10] action=Failed to get notifications: SQLSTATE[42000]: Syntax error or access violation: 1064 You have an error in your SQL syntax; check the manual that corresponds to your MySQL server version for the right syntax to use near ''50' OFFSET '0'' at line 12 user_id=ERROR message=
[2025-10-14 11:49:40] action=Failed to get notifications: SQLSTATE[42000]: Syntax error or access violation: 1064 You have an error in your SQL syntax; check the manual that corresponds to your MySQL server version for the right syntax to use near ''50' OFFSET '0'' at line 12 user_id=ERROR message=
[2025-10-14 11:50:09] action=Failed to get notifications: SQLSTATE[42000]: Syntax error or access violation: 1064 You have an error in your SQL syntax; check the manual that corresponds to your MySQL server version for the right syntax to use near ''50' OFFSET '0'' at line 12 user_id=ERROR message=
[2025-10-14 11:50:39] action=Failed to get notifications: SQLSTATE[42000]: Syntax error or access violation: 1064 You have an error in your SQL syntax; check the manual that corresponds to your MySQL server version for the right syntax to use near ''50' OFFSET '0'' at line 12 user_id=ERROR message=
[2025-10-14 11:51:09] action=Failed to get notifications: SQLSTATE[42000]: Syntax error or access violation: 1064 You have an error in your SQL syntax; check the manual that corresponds to your MySQL server version for the right syntax to use near ''50' OFFSET '0'' at line 12 user_id=ERROR message=
[2025-10-14 11:51:40] action=Failed to get notifications: SQLSTATE[42000]: Syntax error or access violation: 1064 You have an error in your SQL syntax; check the manual that corresponds to your MySQL server version for the right syntax to use near ''50' OFFSET '0'' at line 12 user_id=ERROR message=
[2025-10-14 11:52:10] action=Failed to get notifications: SQLSTATE[42000]: Syntax error or access violation: 1064 You have an error in your SQL syntax; check the manual that corresponds to your MySQL server version for the right syntax to use near ''50' OFFSET '0'' at line 12 user_id=ERROR message=
[2025-10-14 11:52:40] action=Failed to get notifications: SQLSTATE[42000]: Syntax error or access violation: 1064 You have an error in your SQL syntax; check the manual that corresponds to your MySQL server version for the right syntax to use near ''50' OFFSET '0'' at line 12 user_id=ERROR message=
[2025-10-14 11:53:10] action=Failed to get notifications: SQLSTATE[42000]: Syntax error or access violation: 1064 You have an error in your SQL syntax; check the manual that corresponds to your MySQL server version for the right syntax to use near ''50' OFFSET '0'' at line 12 user_id=ERROR message=
[2025-10-14 11:53:40] action=Failed to get notifications: SQLSTATE[42000]: Syntax error or access violation: 1064 You have an error in your SQL syntax; check the manual that corresponds to your MySQL server version for the right syntax to use near ''50' OFFSET '0'' at line 12 user_id=ERROR message=
[2025-10-14 11:53:54] action=Failed to get notifications: SQLSTATE[42000]: Syntax error or access violation: 1064 You have an error in your SQL syntax; check the manual that corresponds to your MySQL server version for the right syntax to use near ''50' OFFSET '0'' at line 12 user_id=ERROR message=
[2025-10-14 11:54:24] action=Failed to get notifications: SQLSTATE[42000]: Syntax error or access violation: 1064 You have an error in your SQL syntax; check the manual that corresponds to your MySQL server version for the right syntax to use near ''50' OFFSET '0'' at line 12 user_id=ERROR message=
[2025-10-14 11:54:54] action=Failed to get notifications: SQLSTATE[42000]: Syntax error or access violation: 1064 You have an error in your SQL syntax; check the manual that corresponds to your MySQL server version for the right syntax to use near ''50' OFFSET '0'' at line 12 user_id=ERROR message=
[2025-10-14 11:55:19] action=Failed to save template: SQLSTATE[42S22]: Column not found: 1054 Unknown column 'name' in 'field list' user_id=ERROR message=
[2025-10-14 11:55:24] action=Failed to get notifications: SQLSTATE[42000]: Syntax error or access violation: 1064 You have an error in your SQL syntax; check the manual that corresponds to your MySQL server version for the right syntax to use near ''50' OFFSET '0'' at line 12 user_id=ERROR message=
[2025-10-14 11:55:54] action=Failed to get notifications: SQLSTATE[42000]: Syntax error or access violation: 1064 You have an error in your SQL syntax; check the manual that corresponds to your MySQL server version for the right syntax to use near ''50' OFFSET '0'' at line 12 user_id=ERROR message=
[2025-10-14 11:56:24] action=Failed to get notifications: SQLSTATE[42000]: Syntax error or access violation: 1064 You have an error in your SQL syntax; check the manual that corresponds to your MySQL server version for the right syntax to use near ''50' OFFSET '0'' at line 12 user_id=ERROR message=
[2025-10-14 11:57:13] action=Failed to get notifications: SQLSTATE[42000]: Syntax error or access violation: 1064 You have an error in your SQL syntax; check the manual that corresponds to your MySQL server version for the right syntax to use near ''50' OFFSET '0'' at line 12 user_id=ERROR message=
[2025-10-14 11:57:16] action=Failed to get notifications: SQLSTATE[42000]: Syntax error or access violation: 1064 You have an error in your SQL syntax; check the manual that corresponds to your MySQL server version for the right syntax to use near ''50' OFFSET '0'' at line 12 user_id=ERROR message=
[2025-10-14 11:57:46] action=Failed to get notifications: SQLSTATE[42000]: Syntax error or access violation: 1064 You have an error in your SQL syntax; check the manual that corresponds to your MySQL server version for the right syntax to use near ''50' OFFSET '0'' at line 12 user_id=ERROR message=
[2025-10-14 11:58:10] action=Template saved with ID: 36 user_id=INFO message=
[2025-10-14 11:58:12] action=Failed to get notifications: SQLSTATE[42000]: Syntax error or access violation: 1064 You have an error in your SQL syntax; check the manual that corresponds to your MySQL server version for the right syntax to use near ''50' OFFSET '0'' at line 12 user_id=ERROR message=
[2025-10-14 11:58:43] action=Failed to get notifications: SQLSTATE[42000]: Syntax error or access violation: 1064 You have an error in your SQL syntax; check the manual that corresponds to your MySQL server version for the right syntax to use near ''50' OFFSET '0'' at line 12 user_id=ERROR message=
[2025-10-14 11:58:57] action=Failed to get notifications: SQLSTATE[42000]: Syntax error or access violation: 1064 You have an error in your SQL syntax; check the manual that corresponds to your MySQL server version for the right syntax to use near ''50' OFFSET '0'' at line 12 user_id=ERROR message=
[2025-10-14 11:59:27] action=Failed to get notifications: SQLSTATE[42000]: Syntax error or access violation: 1064 You have an error in your SQL syntax; check the manual that corresponds to your MySQL server version for the right syntax to use near ''50' OFFSET '0'' at line 12 user_id=ERROR message=
[2025-10-14 11:59:57] action=Failed to get notifications: SQLSTATE[42000]: Syntax error or access violation: 1064 You have an error in your SQL syntax; check the manual that corresponds to your MySQL server version for the right syntax to use near ''50' OFFSET '0'' at line 12 user_id=ERROR message=
[2025-10-14 12:00:27] action=Failed to get notifications: SQLSTATE[42000]: Syntax error or access violation: 1064 You have an error in your SQL syntax; check the manual that corresponds to your MySQL server version for the right syntax to use near ''50' OFFSET '0'' at line 12 user_id=ERROR message=
[2025-10-14 12:00:57] action=Failed to get notifications: SQLSTATE[42000]: Syntax error or access violation: 1064 You have an error in your SQL syntax; check the manual that corresponds to your MySQL server version for the right syntax to use near ''50' OFFSET '0'' at line 12 user_id=ERROR message=
[2025-10-14 12:01:00] action=Failed to get notifications: SQLSTATE[42000]: Syntax error or access violation: 1064 You have an error in your SQL syntax; check the manual that corresponds to your MySQL server version for the right syntax to use near ''50' OFFSET '0'' at line 12 user_id=ERROR message=
[2025-10-14 12:01:30] action=Failed to get notifications: SQLSTATE[42000]: Syntax error or access violation: 1064 You have an error in your SQL syntax; check the manual that corresponds to your MySQL server version for the right syntax to use near ''50' OFFSET '0'' at line 12 user_id=ERROR message=
[2025-10-14 12:02:00] action=Failed to get notifications: SQLSTATE[42000]: Syntax error or access violation: 1064 You have an error in your SQL syntax; check the manual that corresponds to your MySQL server version for the right syntax to use near ''50' OFFSET '0'' at line 12 user_id=ERROR message=
[2025-10-14 12:02:30] action=Failed to get notifications: SQLSTATE[42000]: Syntax error or access violation: 1064 You have an error in your SQL syntax; check the manual that corresponds to your MySQL server version for the right syntax to use near ''50' OFFSET '0'' at line 12 user_id=ERROR message=
[2025-10-14 12:03:00] action=Failed to get notifications: SQLSTATE[42000]: Syntax error or access violation: 1064 You have an error in your SQL syntax; check the manual that corresponds to your MySQL server version for the right syntax to use near ''50' OFFSET '0'' at line 12 user_id=ERROR message=
[2025-10-14 12:03:30] action=Failed to get notifications: SQLSTATE[42000]: Syntax error or access violation: 1064 You have an error in your SQL syntax; check the manual that corresponds to your MySQL server version for the right syntax to use near ''50' OFFSET '0'' at line 12 user_id=ERROR message=
[2025-10-14 12:04:00] action=Failed to get notifications: SQLSTATE[42000]: Syntax error or access violation: 1064 You have an error in your SQL syntax; check the manual that corresponds to your MySQL server version for the right syntax to use near ''50' OFFSET '0'' at line 12 user_id=ERROR message=
[2025-10-14 12:04:30] action=Failed to get notifications: SQLSTATE[42000]: Syntax error or access violation: 1064 You have an error in your SQL syntax; check the manual that corresponds to your MySQL server version for the right syntax to use near ''50' OFFSET '0'' at line 12 user_id=ERROR message=
[2025-10-14 12:05:32] action=Failed to get notifications: SQLSTATE[42000]: Syntax error or access violation: 1064 You have an error in your SQL syntax; check the manual that corresponds to your MySQL server version for the right syntax to use near ''50' OFFSET '0'' at line 12 user_id=ERROR message=
[2025-10-14 12:06:00] action=Failed to get notifications: SQLSTATE[42000]: Syntax error or access violation: 1064 You have an error in your SQL syntax; check the manual that corresponds to your MySQL server version for the right syntax to use near ''50' OFFSET '0'' at line 12 user_id=ERROR message=
[2025-10-14 12:06:30] action=Failed to get notifications: SQLSTATE[42000]: Syntax error or access violation: 1064 You have an error in your SQL syntax; check the manual that corresponds to your MySQL server version for the right syntax to use near ''50' OFFSET '0'' at line 12 user_id=ERROR message=
[2025-10-14 12:07:00] action=Failed to get notifications: SQLSTATE[42000]: Syntax error or access violation: 1064 You have an error in your SQL syntax; check the manual that corresponds to your MySQL server version for the right syntax to use near ''50' OFFSET '0'' at line 12 user_id=ERROR message=
[2025-10-14 12:07:32] action=Failed to get notifications: SQLSTATE[42000]: Syntax error or access violation: 1064 You have an error in your SQL syntax; check the manual that corresponds to your MySQL server version for the right syntax to use near ''50' OFFSET '0'' at line 12 user_id=ERROR message=
[2025-10-14 12:08:32] action=Failed to get notifications: SQLSTATE[42000]: Syntax error or access violation: 1064 You have an error in your SQL syntax; check the manual that corresponds to your MySQL server version for the right syntax to use near ''50' OFFSET '0'' at line 12 user_id=ERROR message=
[2025-10-14 12:09:32] action=Failed to get notifications: SQLSTATE[42000]: Syntax error or access violation: 1064 You have an error in your SQL syntax; check the manual that corresponds to your MySQL server version for the right syntax to use near ''50' OFFSET '0'' at line 12 user_id=ERROR message=
[2025-10-14 12:10:32] action=Failed to get notifications: SQLSTATE[42000]: Syntax error or access violation: 1064 You have an error in your SQL syntax; check the manual that corresponds to your MySQL server version for the right syntax to use near ''50' OFFSET '0'' at line 12 user_id=ERROR message=
[2025-10-14 12:11:00] action=Failed to get notifications: SQLSTATE[42000]: Syntax error or access violation: 1064 You have an error in your SQL syntax; check the manual that corresponds to your MySQL server version for the right syntax to use near ''50' OFFSET '0'' at line 12 user_id=ERROR message=
[2025-10-14 12:11:30] action=Failed to get notifications: SQLSTATE[42000]: Syntax error or access violation: 1064 You have an error in your SQL syntax; check the manual that corresponds to your MySQL server version for the right syntax to use near ''50' OFFSET '0'' at line 12 user_id=ERROR message=
[2025-10-14 12:12:32] action=Failed to get notifications: SQLSTATE[42000]: Syntax error or access violation: 1064 You have an error in your SQL syntax; check the manual that corresponds to your MySQL server version for the right syntax to use near ''50' OFFSET '0'' at line 12 user_id=ERROR message=
[2025-10-14 12:12:54] action=Failed to get notifications: SQLSTATE[42000]: Syntax error or access violation: 1064 You have an error in your SQL syntax; check the manual that corresponds to your MySQL server version for the right syntax to use near ''50' OFFSET '0'' at line 12 user_id=ERROR message=
[2025-10-14 12:13:24] action=Failed to get notifications: SQLSTATE[42000]: Syntax error or access violation: 1064 You have an error in your SQL syntax; check the manual that corresponds to your MySQL server version for the right syntax to use near ''50' OFFSET '0'' at line 12 user_id=ERROR message=
[2025-10-14 12:13:54] action=Failed to get notifications: SQLSTATE[42000]: Syntax error or access violation: 1064 You have an error in your SQL syntax; check the manual that corresponds to your MySQL server version for the right syntax to use near ''50' OFFSET '0'' at line 12 user_id=ERROR message=
[2025-10-14 12:14:24] action=Failed to get notifications: SQLSTATE[42000]: Syntax error or access violation: 1064 You have an error in your SQL syntax; check the manual that corresponds to your MySQL server version for the right syntax to use near ''50' OFFSET '0'' at line 12 user_id=ERROR message=
[2025-10-14 12:14:54] action=Failed to get notifications: SQLSTATE[42000]: Syntax error or access violation: 1064 You have an error in your SQL syntax; check the manual that corresponds to your MySQL server version for the right syntax to use near ''50' OFFSET '0'' at line 12 user_id=ERROR message=
[2025-10-14 12:15:24] action=Failed to get notifications: SQLSTATE[42000]: Syntax error or access violation: 1064 You have an error in your SQL syntax; check the manual that corresponds to your MySQL server version for the right syntax to use near ''50' OFFSET '0'' at line 12 user_id=ERROR message=
[2025-10-14 12:15:54] action=Failed to get notifications: SQLSTATE[42000]: Syntax error or access violation: 1064 You have an error in your SQL syntax; check the manual that corresponds to your MySQL server version for the right syntax to use near ''50' OFFSET '0'' at line 12 user_id=ERROR message=
[2025-10-14 12:16:24] action=Failed to get notifications: SQLSTATE[42000]: Syntax error or access violation: 1064 You have an error in your SQL syntax; check the manual that corresponds to your MySQL server version for the right syntax to use near ''50' OFFSET '0'' at line 12 user_id=ERROR message=
[2025-10-14 12:17:29] action=Failed to get notifications: SQLSTATE[42000]: Syntax error or access violation: 1064 You have an error in your SQL syntax; check the manual that corresponds to your MySQL server version for the right syntax to use near ''50' OFFSET '0'' at line 12 user_id=ERROR message=
[2025-10-14 12:17:43] action=Failed to get notifications: SQLSTATE[42000]: Syntax error or access violation: 1064 You have an error in your SQL syntax; check the manual that corresponds to your MySQL server version for the right syntax to use near ''50' OFFSET '0'' at line 12 user_id=ERROR message=
